// Jest Snapshot v1, https://goo.gl/fbAQLP

exports[`Snapshot test 1`] = `
<div>
  <article
    onMouseEnter={[Function]}
    onMouseLeave={[Function]}
  >
    <img
      src="testUrl"
    />
  </article>
</div>
`;
